[web.archive.org/web/20110612020852/music.ovi.com/in/en/pc.html]
[archive.org/includes/athena.js]
[web-static.archive.org/_static/js/bundle-playback2c8b.js]
[web-static.archive.org/_static/js/wombat9b8c.js]
[web-static.archive.org/_static/css/banner-styles3ae1.css]
[web-static.archive.org/_static/js/ruffle/ruffle.js]
[backblue.gif]
[fade.gif]
[index.html]
[web-static.archive.org/_static/css/iconochive29a7.css]
[web.archive.org/web/20110704121150im_/http_/1.musicimg.ovi.com/u/1.0/assets/Global/PC/images/icons/favIcon16.png]
[web.archive.org/web/20110704121045im_/http_/1.musicimg.ovi.com/u/1.0/assets/Global/PC/images/icons/favIcon32.png]
[web.archive.org/web/20110704121107cs_/http_/1.musicimg.ovi.com/u/1.0/assets/Global/PC/stylesheets/1.8.54/merge.css]
[web.archive.org/web/20110704121042cs_/http_/1.musicimg.ovi.com/u/1.0/assets/Global/PC/stylesheets/1.8.54/forms.css]
[web-static.archive.org/_static/images/toolbar/wayback-toolbar-logo-200.png]
[web-static.archive.org/_static/images/toolbar/wm_tb_prv_on.png]
[web-static.archive.org/_static/images/toolbar/wm_tb_nxt_on.png]
[web-static.archive.org/_static/images/loading.gif]
[web.archive.org/web/20110704121720im_/http_/1.musicimg.ovi.com/u/1.0/assets/Global/PC/images/icons/pageLoad.gif]
[web.archive.org/web/20110612020852im_/http_/1.musicimg.ovi.com/u/1.0/assets/in/en/Assets/PC/images/content/sal_preity_jodis_m35b56.jpg]
[web.archive.org/web/20110612020852im_/http_/1.musicimg.ovi.com/u/1.0/assets/in/en/Assets/PC/images/content/saif_rani_jodis_m35b56.jpg]
[web.archive.org/web/20110612020852im_/http_/1.musicimg.ovi.com/u/1.0/assets/in/en/Assets/PC/images/content/priaynka_sallu_jodis_m3.1b5b56.delayed]
[web.archive.org/web/20110612020852/music.ovi.com/in/en/pc.html]
[athena.archive.org/0.gif]
[archive.org/includes/athena.js]
[web-static.archive.org/_static/css/banner-styles3ae1.css]
[web-static.archive.org/_static/css/iconochive29a7.css]
[web.archive.org/web/20110704121536im_/http_/1.musicimg.ovi.com/u/1.0/assets/Global/PC/images/bridge/bridge-bg.png]
[web.archive.org/web/20110704121618im_/http_/1.musicimg.ovi.com/u/1.0/assets/Global/PC/images/bridge/bridgeSprite2.png]
[web.archive.org/web/20110704121515im_/http_/1.musicimg.ovi.com/u/1.0/assets/Global/PC/images/bridge/pipe.gif]
[web.archive.org/web/20110704121625im_/http_/1.musicimg.ovi.com/u/1.0/assets/Global/PC/images/panels/panel-main-crn-r.png]
[web.archive.org/web/20110704121455im_/http_/1.musicimg.ovi.com/u/1.0/assets/Global/PC/images/panels/submenu-pipe.png]
[web.archive.org/web/20110704121920im_/http_/1.musicimg.ovi.com/u/1.0/assets/Global/PC/images/icons/icons-1.gif]
[web.archive.org/web/20110704121839im_/http_/1.musicimg.ovi.com/u/1.0/assets/Global/PC/images/forms/btn-bg.png]
[web.archive.org/web/20110704121304im_/http_/1.musicimg.ovi.com/u/1.0/assets/Global/PC/images/forms/buttons-3.png]
[web.archive.org/web/20110704121837im_/http_/1.musicimg.ovi.com/u/1.0/assets/Global/PC/images/backgrounds/row-bg.png]
[web.archive.org/web/20110704121435im_/http_/1.musicimg.ovi.com/u/1.0/assets/Global/PC/images/backgrounds/row-lrg-bg.png]
[web.archive.org/web/20110704121736im_/http_/1.musicimg.ovi.com/u/1.0/assets/Global/PC/images/panels/panel-l.png]
[web.archive.org/web/20110704121723im_/http_/1.musicimg.ovi.com/u/1.0/assets/Global/PC/images/panels/panel-main-crn-l.png]
[web.archive.org/web/20110704121458im_/http_/1.musicimg.ovi.com/u/1.0/assets/Global/PC/images/panels/panel-r.png]
[web.archive.org/web/20110704121842im_/http_/1.musicimg.ovi.com/u/1.0/assets/Global/PC/images/backgrounds/ft-bg.png]
[web.archive.org/web/20110704121437im_/http_/1.musicimg.ovi.com/u/1.0/assets/Global/PC/images/panels/panel-sup-l.png]
[web.archive.org/web/20110704121323im_/http_/1.musicimg.ovi.com/u/1.0/assets/Global/PC/images/panels/panel-sup-crn-r.png]
[web.archive.org/web/20110704121401im_/http_/1.musicimg.ovi.com/u/1.0/assets/Global/PC/images/panels/panel-sup-r.png]
[web.archive.org/web/20110704121822im_/http_/1.musicimg.ovi.com/u/1.0/assets/Global/PC/images/panels/panel-sup-crn-l.png]
[web.archive.org/web/20110704121421im_/http_/1.musicimg.ovi.com/u/1.0/assets/Global/PC/images/panels/panel-sub-border.gif]
[web.archive.org/web/20110704121820im_/http_/1.musicimg.ovi.com/u/1.0/assets/Global/PC/images/backgrounds/ovi-upsell-banner.png]
[web.archive.org/web/20110704121703im_/http_/1.musicimg.ovi.com/u/1.0/assets/Global/PC/images/panels/panel-over-crn-r.png]
[web.archive.org/web/20110704121537im_/http_/1.musicimg.ovi.com/u/1.0/assets/Global/PC/images/icons/get-flash-player.jpg]
[web.archive.org/web/20110704121321im_/http_/1.musicimg.ovi.com/u/1.0/assets/Global/PC/images/panels/panel-over-crn-l.png]
[web.archive.org/web/20110704121557im_/http_/1.musicimg.ovi.com/u/1.0/assets/Global/PC/images/backgrounds/no-flash.jpg]
[web.archive.org/web/20110704121246im_/http_/1.musicimg.ovi.com/u/1.0/assets/Global/PC/images/backgrounds/backgrounds.png]
[web.archive.org/web/20110704121616im_/http_/1.musicimg.ovi.com/u/1.0/assets/Global/PC/images/backgrounds/sort-hd-bg.png]
[web.archive.org/web/20110704121356im_/http_/1.musicimg.ovi.com/u/1.0/assets/Global/PC/images/backgrounds/plain-rev-bg.png]
[web.archive.org/web/20110704121916im_/http_/1.musicimg.ovi.com/u/1.0/assets/Global/PC/images/backgrounds/landingpage.jpg]
[web.archive.org/web/20110704121452im_/http_/1.musicimg.ovi.com/u/1.0/assets/Global/PC/images/backgrounds/plain-bg.png]
[web.archive.org/web/20110704121742im_/http_/1.musicimg.ovi.com/u/1.0/assets/Global/PC/images/backgrounds/slide-widget-grad.gif]
[web.archive.org/web/20110704121718im_/http_/1.musicimg.ovi.com/u/1.0/assets/Global/PC/images/backgrounds/streamingalertbarbg101.png]
[web.archive.org/web/20110704121738im_/http_/1.musicimg.ovi.com/u/1.0/assets/Global/PC/images/backgrounds/streamingalertbarbg.png]
[web.archive.org/web/20110704121835im_/http_/1.musicimg.ovi.com/u/1.0/assets/Global/PC/images/panels/headings/hd-pink.gif]
[web.archive.org/web/20110704121306im_/http_/1.musicimg.ovi.com/u/1.0/assets/Global/PC/images/panels/headings/hd-dblue.gif]
[web.archive.org/web/20110704121554im_/http_/1.musicimg.ovi.com/u/1.0/assets/Global/PC/images/panels/headings/hd-yellow.gif]
[web.archive.org/web/20110704121646im_/http_/1.musicimg.ovi.com/u/1.0/assets/Global/PC/images/panels/headings/hd-green.gif]
[web.archive.org/web/20110704121859im_/http_/1.musicimg.ovi.com/u/1.0/assets/Global/PC/images/panels/headings/hd-grey.gif]
[web.archive.org/web/20110704121337im_/http_/1.musicimg.ovi.com/u/1.0/assets/Global/PC/images/panels/headings/hd-lblue.gif]
[web.archive.org/web/20110704121107cs_/http_/1.musicimg.ovi.com/u/1.0/assets/Global/PC/stylesheets/1.8.54/merge.css]
[web.archive.org/web/20110704121248im_/http_/1.musicimg.ovi.com/u/1.0/assets/Global/PC/images/icons/clipLoad.gif]
[web.archive.org/web/20110704121301im_/http_/1.musicimg.ovi.com/u/1.0/assets/Global/PC/images/icons/icons.gif]
[web.archive.org/web/20110704121042cs_/http_/1.musicimg.ovi.com/u/1.0/assets/Global/PC/stylesheets/1.8.54/forms.css]
[web.archive.org/web/20110704121047js_/http_/1.musicimg.ovi.com/u/1.0/assets/Global/PC/javascripts/1.8.54/merge.js]
[web.archive.org/web/20110612020852/music.ovi.com/in/en/Netscape6/index.html]
[web.archive.org/web/2/http_/nps-2.2/nps.css]
[web.archive.org/web/2/http_/nps-2.2/jquery-1.4.1.min.js]
[web.archive.org/web/20110804081630js_/http_/1.musicimg.ovi.com/u/1.0/assets/Global/PC/javascripts/1.8.54/nps_2.2.js]
[web.archive.org/web/20110612020852im_/http_/1.musicimg.ovi.com/u/1.0/assets/in/en/Assets/PC/images/content/sal_preity_jodis_m35b56.html]
[web.archive.org/web/20110612020852im_/http_/1.musicimg.ovi.com/u/1.0/assets/in/en/Assets/PC/images/content/saif_rani_jodis_m35b56.html]
[web.archive.org/web/20110612020852im_/http_/1.musicimg.ovi.com/u/1.0/assets/in/en/Assets/PC/images/content/priaynka_sallu_jodis_m35b56.html]
[web.archive.org/web/20110704121540im_/http_/1.musicimg.ovi.com/u/1.0/assets/Global/PC/images/panels/panel-brd-crn-r.html]
[web.archive.org/web/20110704121857im_/http_/1.musicimg.ovi.com/u/1.0/assets/Global/PC/images/panels/panel-brd-crn-l.html]
[web.archive.org/web/20110704121705im_/http_/1.musicimg.ovi.com/u/1.0/assets/Global/PC/images/forms/sharing-text-area.html]
[web.archive.org/web/20110704121648im_/http_/1.musicimg.ovi.com/u/1.0/assets/Global/PC/images/HelpRedBox_left.html]
[web.archive.org/web/20110704121403im_/http_/1.musicimg.ovi.com/u/1.0/assets/Global/PC/images/HelpRedBox_mid.html]
[web.archive.org/web/20110704121439im_/http_/1.musicimg.ovi.com/u/1.0/assets/Global/PC/images/HelpRedBox_right.html]
[web.archive.org/web/20110704121416im_/http_/1.musicimg.ovi.com/u/1.0/assets/Global/PC/images/icons/exclamation.html]
[web.archive.org/web/20110612020852/music.ovi.com/in/en/Netscape6/index.html]
[web.archive.org/web/2/http_/nps-2.2/nps.html]
[web.archive.org/web/2/http_/nps-2.2/jquery-1.4.1.min.html]
